// Jest Snapshot v1, https://goo.gl/fbAQLP

exports[`<MonthSelection /> should render with given props 1`] = `
<View
  style={
    Object {
      "flexDirection": "row",
      "height": 30,
    }
  }
>
  <View
    accessibilityComponentType={undefined}
    accessibilityLabel="button-month-prev"
    accessibilityTraits={undefined}
    accessible={true}
    hasTVPreferredFocus={undefined}
    hitSlop={undefined}
    isTVSelectable={true}
    nativeID={undefined}
    onLayout={undefined}
    onResponderGrant={[Function]}
    onResponderMove={[Function]}
    onResponderRelease={[Function]}
    onResponderTerminate={[Function]}
    onResponderTerminationRequest={[Function]}
    onStartShouldSetResponder={[Function]}
    style={
      Object {
        "height": 30,
        "width": 30,
      }
    }
    testID={undefined}
    tvParallaxProperties={undefined}
  >
    <Image
      resizeMode="center"
      source={
        Object {
          "testUri": "../../../src/MonthView/phone/MonthSelection/asset/arrow-back.png",
        }
      }
      style={null}
    />
  </View>
  <View
    style={
      Object {
        "flex": 1,
        "justifyContent": "center",
      }
    }
  >
    <Text
      accessible={true}
      allowFontScaling={true}
      ellipsizeMode="tail"
      style={
        Object {
          "textAlign": "center",
        }
      }
    >
      January 2017
    </Text>
  </View>
  <View
    accessibilityComponentType={undefined}
    accessibilityLabel="button-month-next"
    accessibilityTraits={undefined}
    accessible={true}
    hasTVPreferredFocus={undefined}
    hitSlop={undefined}
    isTVSelectable={true}
    nativeID={undefined}
    onLayout={undefined}
    onResponderGrant={[Function]}
    onResponderMove={[Function]}
    onResponderRelease={[Function]}
    onResponderTerminate={[Function]}
    onResponderTerminationRequest={[Function]}
    onStartShouldSetResponder={[Function]}
    style={
      Object {
        "height": 30,
        "width": 30,
      }
    }
    testID={undefined}
    tvParallaxProperties={undefined}
  >
    <Image
      resizeMode="center"
      source={
        Object {
          "testUri": "../../../src/MonthView/phone/MonthSelection/asset/arrow-forward.png",
        }
      }
      style={null}
    />
  </View>
</View>
`;
