// Jest Snapshot v1, https://goo.gl/fbAQLP

exports[`<ScrollListTaskComponent /> should render with given props 1`] = `
<View
  accessibilityComponentType={undefined}
  accessibilityLabel={undefined}
  accessibilityTraits={undefined}
  accessible={true}
  collapsable={undefined}
  hasTVPreferredFocus={undefined}
  hitSlop={undefined}
  isTVSelectable={true}
  nativeID={undefined}
  onLayout={undefined}
  onResponderGrant={[Function]}
  onResponderMove={[Function]}
  onResponderRelease={[Function]}
  onResponderTerminate={[Function]}
  onResponderTerminationRequest={[Function]}
  onStartShouldSetResponder={[Function]}
  style={
    Object {
      "backgroundColor": "pink",
      "flex": 1,
      "flexDirection": "column",
      "height": 60,
      "justifyContent": "center",
      "opacity": 1,
    }
  }
  testID={undefined}
  tvParallaxProperties={undefined}
>
  <View
    style={
      Object {
        "paddingLeft": 4,
      }
    }
  >
    <Text
      accessible={true}
      allowFontScaling={true}
      ellipsizeMode="tail"
      style={
        Array [
          Object {
            "color": "white",
            "fontWeight": "bold",
            "marginBottom": 1,
          },
          Object {
            "fontSize": 16,
          },
        ]
      }
    >
      Adam
    </Text>
    <Text
      accessible={true}
      allowFontScaling={true}
      ellipsizeMode="tail"
      style={
        Array [
          Object {
            "color": "white",
            "marginTop": 1,
          },
          Object {
            "fontSize": 14,
          },
        ]
      }
    >
      Sleep
    </Text>
  </View>
</View>
`;
