// Jest Snapshot v1, https://goo.gl/fbAQLP

exports[`<DateCalendarBox /> should render with given props 1`] = `
<View
  accessibilityComponentType={undefined}
  accessibilityLabel={undefined}
  accessibilityTraits={undefined}
  accessible={true}
  collapsable={undefined}
  hasTVPreferredFocus={undefined}
  hitSlop={undefined}
  isTVSelectable={true}
  nativeID={undefined}
  onLayout={undefined}
  onResponderGrant={[Function]}
  onResponderMove={[Function]}
  onResponderRelease={[Function]}
  onResponderTerminate={[Function]}
  onResponderTerminationRequest={[Function]}
  onStartShouldSetResponder={[Function]}
  style={
    Object {
      "borderColor": "#000000",
      "borderWidth": 1,
      "flexDirection": "column",
      "height": 50,
      "justifyContent": "space-between",
      "opacity": 1,
      "width": 50,
    }
  }
  testID={undefined}
  tvParallaxProperties={undefined}
>
  <View
    style={
      Array [
        Object {
          "alignItems": "center",
          "flex": 2,
          "justifyContent": "center",
        },
        Object {
          "height": 35,
        },
      ]
    }
  >
    <View
      style={
        Array [
          Object {
            "backgroundColor": "#FF1493",
          },
          Object {
            "borderRadius": 14.583333333333334,
            "height": 29.166666666666668,
            "width": 29.166666666666668,
          },
        ]
      }
    >
      <View
        style={
          Object {
            "alignItems": "center",
            "flex": 1,
            "justifyContent": "center",
          }
        }
      >
        <Text
          accessible={true}
          allowFontScaling={true}
          ellipsizeMode="tail"
          style={
            Array [
              Object {
                "color": "#a9a9a9",
                "fontSize": 16,
                "fontWeight": "bold",
              },
              Object {
                "fontSize": 16,
              },
            ]
          }
        >
          1
        </Text>
      </View>
    </View>
  </View>
  <View
    style={
      Array [
        Object {
          "alignItems": "center",
          "flex": 1,
          "flexDirection": "row",
          "justifyContent": "space-around",
        },
        Object {
          "height": 15,
          "paddingHorizontal": 5,
        },
      ]
    }
  >
    <View
      style={
        Object {
          "backgroundColor": "blue",
          "borderRadius": 4.411764705882353,
          "height": 8.823529411764707,
          "width": 8.823529411764707,
        }
      }
    />
    <View
      style={
        Object {
          "backgroundColor": "green",
          "borderRadius": 4.411764705882353,
          "height": 8.823529411764707,
          "width": 8.823529411764707,
        }
      }
    />
    <View
      style={
        Object {
          "backgroundColor": "red",
          "borderRadius": 4.411764705882353,
          "height": 8.823529411764707,
          "width": 8.823529411764707,
        }
      }
    />
    <View
      style={
        Object {
          "backgroundColor": "pink",
          "borderRadius": 4.411764705882353,
          "height": 8.823529411764707,
          "width": 8.823529411764707,
        }
      }
    />
    <View
      style={
        Object {
          "backgroundColor": "black",
          "borderRadius": 4.411764705882353,
          "height": 8.823529411764707,
          "width": 8.823529411764707,
        }
      }
    />
    <View
      style={
        Object {
          "backgroundColor": "grey",
          "borderRadius": 4.411764705882353,
          "height": 8.823529411764707,
          "width": 8.823529411764707,
        }
      }
    />
  </View>
</View>
`;
